// Jest Snapshot v1, https://goo.gl/fbAQLP

exports[`<Main /> should render the heading 1`] = `
<div>
  <h1>
    n0xt
  </h1>
</div>
`;
